eeschema (2011-nov-30)-testing  >> Creation date: Mon 09 Jul 2012 01:44:45 AM CEST

#Cmp ( order = Reference )
| BC1        BC547       
| BT1        BLUETOOTHMOD_DX
| C1         100nF       
| C2         22pF        
| C3         0.1u        
| C4         22pF        
| C5         100n MUX    
| C6         100n AVR    
| C7         100n AVCC   
| C8         8.2pF Radio 
| C9         100nF MotorL
| C10        100nF MotorR
| CAP1       100uF InCap 
| CAP2       10uF IR     
| CAP3       100uF HBridge
| CAP4       10uF US     
| CAP5       1uF Radio   
| CP1        LMotor      
| CP2        RMotor      
| D1         RSSI        
| D2         UVLO        
| D3         ON          
| D4         IR_LED      
| D5         IR_LED      
| D6         IR_LED      
| D7         IR_LED      
| D8         IR_LD271    
| D9         IR_LD271    
| D10        IR_LD271    
| F1         1.1A Fuse   
| I1         I2C         
| I2         I2C         
| IC1        ATMEGA328-P 
| IC2        4067D       
| IC3        L293D       
| InvPolDiode1 200mA IPP   
| J1         LiPo        
| J2         EXT         
| JP1        ServoScanner
| LED1       LED_RCGB    
| LED2       LED_RCGB    
| LED3       LED_RCGB    
| M1         XBEE        
| P1         Serial      
| P2         ARef        
| P3         D2          
| P4         D5          
| P5         D6          
| P6         A1          
| P7         A2          
| P8         A3          
| P9         IR_Scanner  
| P10        X0          
| P11        X1          
| P12        X2          
| P13        X3          
| P14        X4          
| P15        X5          
| P16        X6          
| P17        X7          
| Q1         PT480F      
| Q2         PT480F      
| Q3         PT480F      
| Q4         PT480F      
| R1         1.5K        
| R2         1.5K        
| R3         10K         
| R4         15K         
| R5         10K         
| R6         220         
| R7         1k          
| R8         348         
| R9         10K         
| R10        330         
| R11        2.2K        
| R12        500         
| R13        2.2K        
| R14        2.2K        
| R15        2.2K        
| R16        180         
| R17        180         
| R18        120         
| R19        20          
| SW1        SW_RESET    
| SW2        PwrOn       
| SW3        PWR_Control 
| SW4        TEST        
| U1         10uH        
| U2         MCP1700-3302E
| U3         74LS125     
| U4         TC54        
| U5         PTH08000WAZT
| US1        US_L        
| US2        US_R        
| X1         16MHz       
#End Cmp

#Cmp ( order = Value )
| BC547        BC1       
| BLUETOOTHMOD_DX BT1       
| 8.2pF Radio  C8        
| 22pF         C2        
| 22pF         C4        
| 0.1u         C3        
| 100nF MotorL C9        
| 100nF MotorR C10       
| 100n AVCC    C7        
| 100n AVR     C6        
| 100n MUX     C5        
| 100nF        C1        
| 100uF InCap  CAP1      
| 10uF IR      CAP2      
| 100uF HBridge CAP3      
| 10uF US      CAP4      
| 1uF Radio    CAP5      
| LMotor       CP1       
| RMotor       CP2       
| IR_LD271     D8        
| IR_LD271     D9        
| IR_LD271     D10       
| IR_LED       D4        
| IR_LED       D5        
| IR_LED       D6        
| IR_LED       D7        
| ON           D3        
| RSSI         D1        
| UVLO         D2        
| 1.1A Fuse    F1        
| I2C          I1        
| I2C          I2        
| ATMEGA328-P  IC1       
| 4067D        IC2       
| L293D        IC3       
| 200mA IPP    InvPolDiode1
| EXT          J2        
| LiPo         J1        
| ServoScanner JP1       
| LED_RCGB     LED1      
| LED_RCGB     LED2      
| LED_RCGB     LED3      
| XBEE         M1        
| A1           P6        
| A2           P7        
| A3           P8        
| ARef         P2        
| D2           P3        
| D5           P4        
| D6           P5        
| IR_Scanner   P9        
| Serial       P1        
| X0           P10       
| X1           P11       
| X2           P12       
| X3           P13       
| X4           P14       
| X5           P15       
| X6           P16       
| X7           P17       
| PT480F       Q1        
| PT480F       Q2        
| PT480F       Q3        
| PT480F       Q4        
| 20           R19       
| 120          R18       
| 180          R17       
| 180          R16       
| 220          R6        
| 330          R10       
| 348          R8        
| 500          R12       
| 1k           R7        
| 1.5K         R2        
| 1.5K         R1        
| 2.2K         R11       
| 2.2K         R13       
| 2.2K         R14       
| 2.2K         R15       
| 10K          R9        
| 10K          R5        
| 10K          R3        
| 15K          R4        
| SW_RESET     SW1       
| PwrOn        SW2       
| PWR_Control  SW3       
| TEST         SW4       
| 10uH         U1        
| 74LS125      U3        
| MCP1700-3302E U2        
| PTH08000WAZT U5        
| TC54         U4        
| US_L         US1       
| US_R         US2       
| 16MHz        X1        
#End Cmp

#End List
