eeschema (2011-nov-30)-testing  >> Creation date: Thu 21 Jun 2012 12:15:15 PM CEST

#Cmp ( order = Reference )
| AREF1      CONN_1      
| BT1        BLUETOOTHMOD_DX
| BypC1      IR          
| BypC2      H           
| BypC3      Servo       
| BypC4      US          
| BypC5      Mux         
| C1         100nF       
| C2         100uF(min)  
| C3         22pF        
| C4         0.1u        
| C5         22pF        
| C6         100uF(min)  
| CP1        PWR1        
| CP2        PWR2        
| CP3        LMotor      
| CP4        RMotor      
| D1         DIODE       
| D2         RSSI        
| D3         LED         
| D4         IR_LED      
| D5         IR_LED      
| D6         IR_LED      
| D7         IR_LED      
| D8         IR_LD271    
| D9         IR_LD271    
| D10        IR_LD271    
| F1         FUSE        
| H1         HEAD3X2     
| IC1        ATMEGA328-P 
| IC2        4067D       
| IC3        L293D       
| J?1        EXT         
| JP1        ServoScanner
| JP2        JP_4        
| JP3        JP_4        
| LED1       LED_ARBG    
| LED2       LED_ARBG    
| LED3       LED_ARBG    
| M1         XBEE        
| P1         Batt        
| P2         Serial      
| P4         GPIO_4PIN   
| P5         GPIO_4PIN   
| P6         GPIO_4PIN   
| P7         GPIO_4PIN   
| P8         GPIO_4PIN   
| P9         GPIO_4PIN   
| P10        IR_Scanner  
| P11        GPIO_4PIN   
| P12        GPIO_4PIN   
| P13        GPIO_4PIN   
| P14        GPIO_4PIN   
| P15        GPIO_4PIN   
| P16        GPIO_4PIN   
| P17        GPIO_4PIN   
| P18        GPIO_4PIN   
| Q1         PT480F      
| Q2         PT480F      
| Q3         PT480F      
| Q4         PT480F      
| R1         1.5K        
| R2         1.5K        
| R3         10K         
| R4         220         
| R5         15K         
| R6         10K         
| R7         1k          
| R8         348         
| R9         10K         
| R10        220         
| R11        2.2K        
| R12        220         
| R13        2.2K        
| R14        220         
| R15        500         
| R16        2.2K        
| R17        220         
| R18        2.2K        
| R19        180         
| R20        180         
| R21        120         
| R22        15          
| SW1        SW_PUSH     
| SW2        PwrSelect   
| SW3        PWR_Control 
| SW4        TEST        
| U1         LM7833      
| U2         74LS125     
| U3         TC54        
| U4         PTH08000WAZT
| U5         ULN2003A    
| US1        US_L        
| US2        US_R        
| X1         16MHz       
#End Cmp

#Cmp ( order = Value )
| CONN_1       AREF1     
| BLUETOOTHMOD_DX BT1       
| IR           BypC1     
| H            BypC2     
| Servo        BypC3     
| US           BypC4     
| Mux          BypC5     
| 22pF         C3        
| 22pF         C5        
| 0.1u         C4        
| 100nF        C1        
| 100uF(min)   C2        
| 100uF(min)   C6        
| PWR1         CP1       
| PWR2         CP2       
| LMotor       CP3       
| RMotor       CP4       
| DIODE        D1        
| IR_LD271     D8        
| IR_LD271     D9        
| IR_LD271     D10       
| IR_LED       D4        
| IR_LED       D5        
| IR_LED       D6        
| IR_LED       D7        
| LED          D3        
| RSSI         D2        
| FUSE         F1        
| HEAD3X2      H1        
| ATMEGA328-P  IC1       
| 4067D        IC2       
| L293D        IC3       
| EXT          J?1       
| ServoScanner JP1       
| JP_4         JP2       
| JP_4         JP3       
| LED_ARBG     LED1      
| LED_ARBG     LED2      
| LED_ARBG     LED3      
| XBEE         M1        
| Batt         P1        
| GPIO_4PIN    P4        
| GPIO_4PIN    P5        
| GPIO_4PIN    P6        
| GPIO_4PIN    P7        
| GPIO_4PIN    P8        
| GPIO_4PIN    P9        
| GPIO_4PIN    P11       
| GPIO_4PIN    P12       
| GPIO_4PIN    P13       
| GPIO_4PIN    P14       
| GPIO_4PIN    P15       
| GPIO_4PIN    P16       
| GPIO_4PIN    P17       
| GPIO_4PIN    P18       
| IR_Scanner   P10       
| Serial       P2        
| PT480F       Q1        
| PT480F       Q2        
| PT480F       Q3        
| PT480F       Q4        
| 15           R22       
| 120          R21       
| 180          R20       
| 180          R19       
| 220          R10       
| 220          R12       
| 220          R14       
| 220          R4        
| 220          R17       
| 348          R8        
| 500          R15       
| 1k           R7        
| 1.5K         R2        
| 1.5K         R1        
| 2.2K         R18       
| 2.2K         R11       
| 2.2K         R13       
| 2.2K         R16       
| 10K          R9        
| 10K          R6        
| 10K          R3        
| 15K          R5        
| TEST         SW4       
| PWR_Control  SW3       
| PwrSelect    SW2       
| SW_PUSH      SW1       
| 74LS125      U2        
| LM7833       U1        
| PTH08000WAZT U4        
| TC54         U3        
| ULN2003A     U5        
| US_L         US1       
| US_R         US2       
| 16MHz        X1        
#End Cmp

#End List
